[www.zonadocs.mx/guadalajara-zona-de-exterminio/index.html]
[backblue.gif]
[fade.gif]
[index.html]
[www.connectas.org/especiales/guadalajara-zona-de-exterminio-y-desaparicion/media/images/social.jpg]
[www.connectas.org/especiales/cdn/css/trunks.min.css]
[kit.fontawesome.com/6e1b94a239.js]
[www.zonadocs.mx/guadalajara-zona-de-exterminio/css/style.css]
[www.zonadocs.mx/guadalajara-zona-de-exterminio/media/video/animacion_casa.mp4]
[www.zonadocs.mx/guadalajara-zona-de-exterminio/media/video/animacion_casa.jpg]
[www.zonadocs.mx/guadalajara-zona-de-exterminio/media/images/map_rio_bravo_desktop.jpg]
[www.zonadocs.mx/guadalajara-zona-de-exterminio/media/images/map_rio_bravo_mobile.jpg]
[www.zonadocs.mx/guadalajara-zona-de-exterminio/media/images/map_28mas_desktop.jpg]
[www.zonadocs.mx/guadalajara-zona-de-exterminio/media/images/map_28mas_mobile.jpg]
[www.zonadocs.mx/guadalajara-zona-de-exterminio/media/photos/CRUCE_2.jpg]
[www.zonadocs.mx/guadalajara-zona-de-exterminio/media/images/sitios_de_exterminio_desktop.png]
[www.zonadocs.mx/guadalajara-zona-de-exterminio/media/images/sitios_de_exterminio_mobile.png]
[www.zonadocs.mx/guadalajara-zona-de-exterminio/media/photos/DESAPARECIDOS-PROYECTO-OLIMPICA_4.jpg]
[www.zonadocs.mx/guadalajara-zona-de-exterminio/media/photos/DESAPARECIDOS-PROYECTO-OLIMPICA_2.jpg]
[www.zonadocs.mx/guadalajara-zona-de-exterminio/media/photos/DESAPARECIDOS-PROYECTO-OLIMPICA.jpg]
[www.zonadocs.mx/guadalajara-zona-de-exterminio/media/photos/DESAPARECIDOS-PROYECTO-OLIMPICA_5.jpg]
[www.zonadocs.mx/guadalajara-zona-de-exterminio/media/photos/DESAPARECIDOS-PROYECTO-OLIMPICA_3.jpg]
[www.zonadocs.mx/guadalajara-zona-de-exterminio/media/video/animacion_2.mp4]
[www.zonadocs.mx/guadalajara-zona-de-exterminio/media/video/animacion_2.jpg]
[www.zonadocs.mx/guadalajara-zona-de-exterminio/media/images/modus_operandi_desktop.png]
[www.zonadocs.mx/guadalajara-zona-de-exterminio/media/images/modus_operandi_mobile.png]
[www.zonadocs.mx/guadalajara-zona-de-exterminio/media/images/scrollytelling/1_mobile.jpg]
[www.zonadocs.mx/guadalajara-zona-de-exterminio/media/images/scrollytelling/1.jpg]
[www.zonadocs.mx/guadalajara-zona-de-exterminio/media/images/scrollytelling/2_mobile.jpg]
[www.zonadocs.mx/guadalajara-zona-de-exterminio/media/images/scrollytelling/2.jpg]
[www.zonadocs.mx/guadalajara-zona-de-exterminio/media/images/scrollytelling/3_mobile.jpg]
[www.zonadocs.mx/guadalajara-zona-de-exterminio/media/images/scrollytelling/3.jpg]
[www.zonadocs.mx/guadalajara-zona-de-exterminio/media/images/scrollytelling/4_mobile.jpg]
[www.zonadocs.mx/guadalajara-zona-de-exterminio/media/images/scrollytelling/4.jpg]
[www.zonadocs.mx/guadalajara-zona-de-exterminio/media/images/scrollytelling/5_mobile.jpg]
[www.zonadocs.mx/guadalajara-zona-de-exterminio/media/images/scrollytelling/5.jpg]
[www.zonadocs.mx/guadalajara-zona-de-exterminio/media/images/scrollytelling/6_mobile.jpg]
[www.zonadocs.mx/guadalajara-zona-de-exterminio/media/images/scrollytelling/6.jpg]
[www.zonadocs.mx/guadalajara-zona-de-exterminio/media/photos/IMG_1546.jpg]
[www.zonadocs.mx/guadalajara-zona-de-exterminio/media/photos/IMG_1549.jpg]
[www.zonadocs.mx/guadalajara-zona-de-exterminio/media/photos/IMG_1561.jpg]
[www.zonadocs.mx/guadalajara-zona-de-exterminio/media/video/IMG_1570.mp4]
[www.zonadocs.mx/guadalajara-zona-de-exterminio/media/video/IMG_1570.jpg]
[www.zonadocs.mx/guadalajara-zona-de-exterminio/media/photos/IMG_1562.jpg]
[www.zonadocs.mx/guadalajara-zona-de-exterminio/media/photos/IMG_1571.jpg]
[www.zonadocs.mx/guadalajara-zona-de-exterminio/media/photos/DESAPARECIDOS-PROYECTO-LA-ESTANCIA.jpg]
[www.zonadocs.mx/guadalajara-zona-de-exterminio/media/photos/Copia-de-IMG_1528.jpg]
[www.zonadocs.mx/guadalajara-zona-de-exterminio/media/photos/IMG_1515.jpg]
[www.zonadocs.mx/guadalajara-zona-de-exterminio/media/video/IMG_1535.mp4]
[www.zonadocs.mx/guadalajara-zona-de-exterminio/media/video/IMG_1535.jpg]
[www.zonadocs.mx/guadalajara-zona-de-exterminio/media/photos/IMG_1517.jpg]
[www.zonadocs.mx/guadalajara-zona-de-exterminio/media/photos/IMG_1519.jpg]
[www.zonadocs.mx/guadalajara-zona-de-exterminio/media/video/velas.mp4]
[www.zonadocs.mx/guadalajara-zona-de-exterminio/media/video/velas.jpg]
[www.zonadocs.mx/guadalajara-zona-de-exterminio/media/photos/Captura-de-Pantalla-2020-09-23-a-la(s)-21.04.35.jpg]
[www.zonadocs.mx/guadalajara-zona-de-exterminio/media/photos/Captura-de-Pantalla-2020-09-23-a-la(s)-21.04.57.jpg]
[www.zonadocs.mx/guadalajara-zona-de-exterminio/media/photos/Captura-de-Pantalla-2020-09-23-a-la(s)-21.09.25.jpg]
[www.zonadocs.mx/guadalajara-zona-de-exterminio/media/images/numeralia_2_desktop.png]
[www.zonadocs.mx/guadalajara-zona-de-exterminio/media/images/numeralia_2_mobile.png]
[www.zonadocs.mx/guadalajara-zona-de-exterminio/media/video/animacion_carcel.mp4]
[www.zonadocs.mx/guadalajara-zona-de-exterminio/media/video/animacion_carcel.jpg]
[www.zonadocs.mx/guadalajara-zona-de-exterminio/media/video/Complementaria_1_v2.mp4]
[www.zonadocs.mx/guadalajara-zona-de-exterminio/media/video/complementaria_1.jpg]
[www.zonadocs.mx/guadalajara-zona-de-exterminio/media/video/silla_animacion.mp4]
[www.zonadocs.mx/guadalajara-zona-de-exterminio/media/video/silla_animacion.jpg]
[www.zonadocs.mx/guadalajara-zona-de-exterminio/media/video/Complementaria_2_v2.mp4]
[www.zonadocs.mx/guadalajara-zona-de-exterminio/media/video/complementaria_2.jpg]
[www.zonadocs.mx/guadalajara-zona-de-exterminio/media/images/icfj.png]
[code.jquery.com/jquery-3.4.1.min.js]
[cdnjs.cloudflare.com/ajax/libs/gsap/2.0.2/TweenMax.min.js]
[www.zonadocs.mx/guadalajara-zona-de-exterminio/js/scrollmagic/ScrollMagic.min.js]
[www.zonadocs.mx/guadalajara-zona-de-exterminio/js/scrollmagic/plugins/animation.gsap.min.js]
[cdnjs.cloudflare.com/ajax/libs/ScrollMagic/2.0.7/plugins/debug.addIndicators.min.js]
[www.zonadocs.mx/guadalajara-zona-de-exterminio/js/countUp.min.js]
[www.zonadocs.mx/guadalajara-zona-de-exterminio/index.html]
[www.connectas.org/especiales/cdn/css/trunks.min.css]
[www.zonadocs.mx/guadalajara-zona-de-exterminio/js/script.js]
[www.zonadocs.mx/guadalajara-zona-de-exterminio/fonts/UniSansThinItalicCAPS.woff]
[www.zonadocs.mx/guadalajara-zona-de-exterminio/fonts/UniSansHeavyCAPS.woff]
[www.zonadocs.mx/guadalajara-zona-de-exterminio/fonts/UniSansThinCAPS.woff]
[www.zonadocs.mx/guadalajara-zona-de-exterminio/fonts/UniSansHeavyItalicCAPS.woff]
[www.zonadocs.mx/guadalajara-zona-de-exterminio/css/style.css]
[www.zonadocs.mx/guadalajara-zona-de-exterminio/media/images/zonadocs_logo.svg]
[www.zonadocs.mx/guadalajara-zona-de-exterminio/media/images/connectas.svg]
[www.zonadocs.mx/guadalajara-zona-de-exterminio/media/images/P.svg]
[www.zonadocs.mx/guadalajara-zona-de-exterminio/fonts/UniSansThinItalicCAPS.html]
[www.zonadocs.mx/guadalajara-zona-de-exterminio/fonts/UniSansHeavyCAPS.html]
[www.zonadocs.mx/guadalajara-zona-de-exterminio/fonts/UniSansThinCAPS.html]
[www.zonadocs.mx/guadalajara-zona-de-exterminio/fonts/UniSansHeavyItalicCAPS.html]
